// Jest Snapshot v1, https://goo.gl/fbAQLP

exports[`maps 1`] = `
Array [
  Object {
    "active": true,
    "adProtected": true,
    "branch": "Anden udgivelse af software",
    "branchCode": 582900,
    "city": "København SV",
    "coAddress": "c/o DK WEBHOST",
    "cvr": 32685552,
    "email": "mail@danielzambelli.dk",
    "employeeCount": null,
    "employeeCountYear": null,
    "endDate": null,
    "name": "DKWEBHOST",
    "phone": null,
    "postal": 2450,
    "startDate": "2010-02-01",
    "street": "Teglholmsgade 36, 3. 5.",
    "type": "Enkeltmandsvirksomhed",
    "typeCode": "ENK",
    "website": null,
  },
]
`;

exports[`maps 2`] = `
Array [
  Object {
    "active": false,
    "adProtected": false,
    "branch": null,
    "branchCode": null,
    "city": undefined,
    "coAddress": null,
    "cvr": 39267748,
    "email": null,
    "employeeCount": null,
    "employeeCountYear": null,
    "endDate": null,
    "name": null,
    "phone": null,
    "postal": NaN,
    "startDate": null,
    "street": null,
    "type": null,
    "typeCode": null,
    "website": null,
  },
  Object {
    "active": true,
    "adProtected": true,
    "branch": "Udlejning af erhvervsejendomme",
    "branchCode": 682040,
    "city": "Borup",
    "coAddress": null,
    "cvr": 28996322,
    "email": "info@pcbygge.dk",
    "employeeCount": null,
    "employeeCountYear": null,
    "endDate": null,
    "name": "PIW & CO ApS",
    "phone": "57526800",
    "postal": 4140,
    "startDate": "2005-09-20",
    "street": "Vestre Ringvej 24",
    "type": "Anpartsselskab",
    "typeCode": "APS",
    "website": null,
  },
  Object {
    "active": true,
    "adProtected": false,
    "branch": "Ikke-finansielle holdingselskaber",
    "branchCode": 642020,
    "city": "Dronninglund",
    "coAddress": null,
    "cvr": 26998034,
    "email": null,
    "employeeCount": null,
    "employeeCountYear": null,
    "endDate": null,
    "name": "JENSEN INVEST, REGISTRERET REVISIONSANPARTSSELSKAB",
    "phone": null,
    "postal": 9330,
    "startDate": "2003-12-23",
    "street": "Lilleskovvej 3",
    "type": "Anpartsselskab",
    "typeCode": "APS",
    "website": null,
  },
  Object {
    "active": true,
    "adProtected": false,
    "branch": "Uoplyst",
    "branchCode": 999999,
    "city": "Hellerup",
    "coAddress": null,
    "cvr": 30828720,
    "email": null,
    "employeeCount": null,
    "employeeCountYear": null,
    "endDate": null,
    "name": "JNS DK ApS",
    "phone": null,
    "postal": 2900,
    "startDate": "2007-09-18",
    "street": "Lundegårdsvej 15",
    "type": "Anpartsselskab",
    "typeCode": "APS",
    "website": null,
  },
  Object {
    "active": true,
    "adProtected": true,
    "branch": "Udlejning af erhvervsejendomme",
    "branchCode": 682040,
    "city": "Årslev",
    "coAddress": null,
    "cvr": 34990263,
    "email": "info@gronbek.dk",
    "employeeCount": null,
    "employeeCountYear": null,
    "endDate": null,
    "name": "Grønbek Erhvervsudlejning I/S",
    "phone": "22979960",
    "postal": 5792,
    "startDate": "2013-01-01",
    "street": "Nærågårdsvej 1",
    "type": "Interessentskab",
    "typeCode": "I/S",
    "website": null,
  },
  Object {
    "active": true,
    "adProtected": false,
    "branch": "Agenturhandel med maskiner, teknisk udstyr, skibe og flyvemaskiner",
    "branchCode": 461400,
    "city": "Allerød",
    "coAddress": null,
    "cvr": 17492101,
    "email": null,
    "employeeCount": null,
    "employeeCountYear": null,
    "endDate": null,
    "name": "Handelsfirmaet v/Stephen Serve",
    "phone": "48171596",
    "postal": 3450,
    "startDate": "1994-01-01",
    "street": "Stolelyngen 18",
    "type": "Enkeltmandsvirksomhed",
    "typeCode": "ENK",
    "website": null,
  },
  Object {
    "active": true,
    "adProtected": false,
    "branch": "Udlejning af erhvervsejendomme",
    "branchCode": 682040,
    "city": "Vodskov",
    "coAddress": null,
    "cvr": 28653131,
    "email": null,
    "employeeCount": null,
    "employeeCountYear": null,
    "endDate": null,
    "name": "Udlejning v/Lilian Nielsen",
    "phone": null,
    "postal": 9310,
    "startDate": "2004-04-01",
    "street": "Vodskovvej 37",
    "type": "Enkeltmandsvirksomhed",
    "typeCode": "ENK",
    "website": null,
  },
  Object {
    "active": true,
    "adProtected": true,
    "branch": "Forberedende byggepladsarbejder",
    "branchCode": 431200,
    "city": "Birkerød",
    "coAddress": null,
    "cvr": 38902121,
    "email": "viktorkempf@outlook.com",
    "employeeCount": null,
    "employeeCountYear": null,
    "endDate": null,
    "name": "MK Facility",
    "phone": "50197124",
    "postal": 3460,
    "startDate": "2017-09-03",
    "street": "Birkerød Parkvej 156, st. mf.",
    "type": "Enkeltmandsvirksomhed",
    "typeCode": "ENK",
    "website": null,
  },
  Object {
    "active": true,
    "adProtected": true,
    "branch": "Psykologisk rådgivning",
    "branchCode": 869030,
    "city": "Holstebro",
    "coAddress": null,
    "cvr": 40034226,
    "email": "llnyborg@yahoo.dk",
    "employeeCount": null,
    "employeeCountYear": null,
    "endDate": null,
    "name": "Lykkeligt Liv v/ Lone Lund Nyborg",
    "phone": null,
    "postal": 7500,
    "startDate": "2018-11-18",
    "street": "Skivevej 21",
    "type": "Enkeltmandsvirksomhed",
    "typeCode": "ENK",
    "website": null,
  },
  Object {
    "active": true,
    "adProtected": true,
    "branch": "Andre organisationer og foreninger i.a.n.",
    "branchCode": 949900,
    "city": "Orø",
    "coAddress": "c/o Søren Leonhard",
    "cvr": 39172879,
    "email": null,
    "employeeCount": null,
    "employeeCountYear": null,
    "endDate": null,
    "name": "Orø Ophalings og Tørreplads",
    "phone": null,
    "postal": 4305,
    "startDate": "2017-12-19",
    "street": "Brøndevej 14",
    "type": "Frivillig forening",
    "typeCode": "FFO",
    "website": null,
  },
  Object {
    "active": true,
    "adProtected": false,
    "branch": "Anden udlejning af boliger",
    "branchCode": 682030,
    "city": "Jerslev J",
    "coAddress": null,
    "cvr": 34710783,
    "email": null,
    "employeeCount": null,
    "employeeCountYear": null,
    "endDate": null,
    "name": "KOUSTRUP BOLIG ApS",
    "phone": null,
    "postal": 9740,
    "startDate": "2012-09-26",
    "street": "Skovsgårdsvej 20",
    "type": "Anpartsselskab",
    "typeCode": "APS",
    "website": null,
  },
  Object {
    "active": true,
    "adProtected": true,
    "branch": "Ikke-finansielle holdingselskaber",
    "branchCode": 642020,
    "city": "Odense M",
    "coAddress": null,
    "cvr": 36932295,
    "email": null,
    "employeeCount": null,
    "employeeCountYear": null,
    "endDate": null,
    "name": "Rossi Finans ApS",
    "phone": null,
    "postal": 5230,
    "startDate": "2015-06-20",
    "street": "Langelinie 65",
    "type": "Anpartsselskab",
    "typeCode": "APS",
    "website": null,
  },
  Object {
    "active": true,
    "adProtected": false,
    "branch": "Ikke-finansielle holdingselskaber",
    "branchCode": 642020,
    "city": "Holmegaard",
    "coAddress": null,
    "cvr": 39437120,
    "email": null,
    "employeeCount": null,
    "employeeCountYear": null,
    "endDate": null,
    "name": "Peter Toxværd Holding ApS",
    "phone": "46432244",
    "postal": 4684,
    "startDate": "2018-03-19",
    "street": "Næstvedvej 48",
    "type": "Anpartsselskab",
    "typeCode": "APS",
    "website": null,
  },
  Object {
    "active": true,
    "adProtected": true,
    "branch": "Avl af pelsdyr mv.",
    "branchCode": 14920,
    "city": "Blommenslyst",
    "coAddress": "c/o Tom Andersen",
    "cvr": 35505113,
    "email": "tomerenskjoldandersen@gmail.com",
    "employeeCount": null,
    "employeeCountYear": null,
    "endDate": null,
    "name": "Odense Biavl",
    "phone": null,
    "postal": 5491,
    "startDate": "2013-12-27",
    "street": "Ubberudvej 71",
    "type": "Enkeltmandsvirksomhed",
    "typeCode": "ENK",
    "website": null,
  },
  Object {
    "active": true,
    "adProtected": true,
    "branch": "Andre personlige serviceydelser i.a.n.",
    "branchCode": 960900,
    "city": "Greve",
    "coAddress": null,
    "cvr": 39413582,
    "email": "metter20@gmail.com",
    "employeeCount": null,
    "employeeCountYear": null,
    "endDate": null,
    "name": "Mulighedernes Legeplads",
    "phone": null,
    "postal": 2670,
    "startDate": "2018-03-15",
    "street": "Havehusene 56",
    "type": "Enkeltmandsvirksomhed",
    "typeCode": "ENK",
    "website": null,
  },
  Object {
    "active": true,
    "adProtected": true,
    "branch": "Andre organisationer og foreninger i.a.n.",
    "branchCode": 949900,
    "city": "Risskov",
    "coAddress": "c/o BOLIQ Ejendomsadministration ApS",
    "cvr": 71996719,
    "email": "info@boliq.dk",
    "employeeCount": null,
    "employeeCountYear": null,
    "endDate": null,
    "name": "E/F MARIUS SIMONSENS VEJ 17",
    "phone": "87324252",
    "postal": 8240,
    "startDate": "1983-07-01",
    "street": "Voldbjergvej 14A, 2.",
    "type": "Frivillig forening",
    "typeCode": "FFO",
    "website": null,
  },
  Object {
    "active": true,
    "adProtected": false,
    "branch": "Andre organisationer og foreninger i.a.n.",
    "branchCode": 949900,
    "city": "Rudkøbing",
    "coAddress": "c/o John Skredbjerg",
    "cvr": 35921311,
    "email": "wbskredbjerg@gmail.com",
    "employeeCount": null,
    "employeeCountYear": null,
    "endDate": null,
    "name": "Netværksgruppen for Lungesyge Langeland",
    "phone": "30335011",
    "postal": 5900,
    "startDate": "2014-06-19",
    "street": "Søndre Landevej 11",
    "type": "Frivillig forening",
    "typeCode": "FFO",
    "website": null,
  },
  Object {
    "active": true,
    "adProtected": true,
    "branch": "Andre organisationer og foreninger i.a.n.",
    "branchCode": 949900,
    "city": "Them",
    "coAddress": null,
    "cvr": 34567646,
    "email": "info@oz7sac.dk",
    "employeeCount": null,
    "employeeCountYear": null,
    "endDate": null,
    "name": "EDR Silkeborg",
    "phone": null,
    "postal": 8653,
    "startDate": "2012-09-05",
    "street": "Industrivej 12",
    "type": "Frivillig forening",
    "typeCode": "FFO",
    "website": undefined,
  },
  Object {
    "active": true,
    "adProtected": false,
    "branch": "Udgivelse af computerspil",
    "branchCode": 582100,
    "city": "København K",
    "coAddress": null,
    "cvr": 31854695,
    "email": null,
    "employeeCount": null,
    "employeeCountYear": null,
    "endDate": null,
    "name": "APEX GROUP ApS",
    "phone": null,
    "postal": 1112,
    "startDate": "2008-11-20",
    "street": "Pilestræde 43, 2. tv.",
    "type": "Anpartsselskab",
    "typeCode": "APS",
    "website": null,
  },
  Object {
    "active": true,
    "adProtected": true,
    "branch": "Databehandling, webhosting og lignende serviceydelser",
    "branchCode": 631100,
    "city": "Køge",
    "coAddress": null,
    "cvr": 30046803,
    "email": "kaspersoegaard@gmail.com",
    "employeeCount": null,
    "employeeCountYear": null,
    "endDate": null,
    "name": "Søegaard Kommunikation og Ide v/Kasper Gottlieb Søegaard",
    "phone": "61682762",
    "postal": 4600,
    "startDate": "2006-10-25",
    "street": "Møllemarken 40",
    "type": "Enkeltmandsvirksomhed",
    "typeCode": "ENK",
    "website": null,
  },
  Object {
    "active": true,
    "adProtected": true,
    "branch": "Ikke-finansielle holdingselskaber",
    "branchCode": 642020,
    "city": "Helsingør",
    "coAddress": null,
    "cvr": 38814893,
    "email": null,
    "employeeCount": null,
    "employeeCountYear": null,
    "endDate": null,
    "name": "Stephan Bengtsson Holding ApS",
    "phone": null,
    "postal": 3000,
    "startDate": "2017-05-31",
    "street": "Kampergade 11",
    "type": "Anpartsselskab",
    "typeCode": "APS",
    "website": null,
  },
  Object {
    "active": true,
    "adProtected": true,
    "branch": "Bogføring og revision: skatterådgivning",
    "branchCode": 692000,
    "city": "Ålsgårde",
    "coAddress": null,
    "cvr": 11264085,
    "email": null,
    "employeeCount": null,
    "employeeCountYear": null,
    "endDate": null,
    "name": "JØRN LARSEN REVISION",
    "phone": "49221088",
    "postal": 3140,
    "startDate": "1966-07-01",
    "street": "Møllestenen 29",
    "type": "Enkeltmandsvirksomhed",
    "typeCode": "ENK",
    "website": null,
  },
  Object {
    "active": true,
    "adProtected": true,
    "branch": "Udførelse af gulvbelægninger og vægbeklædning",
    "branchCode": 433300,
    "city": "Valby",
    "coAddress": "c/o Frederik Maaløe Kruse",
    "cvr": 39399199,
    "email": "Frederikmaaloe@hotmail.com",
    "employeeCount": null,
    "employeeCountYear": null,
    "endDate": null,
    "name": "FMK Gulve",
    "phone": "30131631",
    "postal": 2500,
    "startDate": "2018-04-09",
    "street": "Retortvej 39, 1. th.",
    "type": "Enkeltmandsvirksomhed",
    "typeCode": "ENK",
    "website": undefined,
  },
  Object {
    "active": true,
    "adProtected": true,
    "branch": "Andre organisationer og foreninger i.a.n.",
    "branchCode": 949900,
    "city": "København V",
    "coAddress": "c/o Rasmus Agerskov Schultz",
    "cvr": 35179763,
    "email": "hthygesen81@gmail.com",
    "employeeCount": null,
    "employeeCountYear": null,
    "endDate": null,
    "name": "PI Gymnastik",
    "phone": "40649402",
    "postal": 1553,
    "startDate": "2013-06-30",
    "street": "H.C. Andersens Boulevard 42, 1. tv.",
    "type": "Frivillig forening",
    "typeCode": "FFO",
    "website": null,
  },
  Object {
    "active": true,
    "adProtected": false,
    "branch": "Andre organisationer og foreninger i.a.n.",
    "branchCode": 949900,
    "city": "Taastrup",
    "coAddress": null,
    "cvr": 29647097,
    "email": "ssf@sport.dk",
    "employeeCount": null,
    "employeeCountYear": null,
    "endDate": null,
    "name": "Sengeløse Skytteforening 37. kreds",
    "phone": "43716676",
    "postal": 2630,
    "startDate": "2006-07-13",
    "street": "Spangåvej 10",
    "type": "Frivillig forening",
    "typeCode": "FFO",
    "website": null,
  },
  Object {
    "active": true,
    "adProtected": true,
    "branch": "Anden trykning",
    "branchCode": 181200,
    "city": "Roskilde",
    "coAddress": "c/o Azets Wise Management ApS",
    "cvr": 35472797,
    "email": "brian@skiltdirect.dk",
    "employeeCount": "1",
    "employeeCountYear": 2018,
    "endDate": null,
    "name": "SKILTDIRECT ApS",
    "phone": "71995543",
    "postal": 4000,
    "startDate": "2013-09-09",
    "street": "Vindingevej 10",
    "type": "Anpartsselskab",
    "typeCode": "APS",
    "website": null,
  },
  Object {
    "active": true,
    "adProtected": false,
    "branch": "Ikke-finansielle holdingselskaber",
    "branchCode": 642020,
    "city": "Snekkersten",
    "coAddress": null,
    "cvr": 21674834,
    "email": null,
    "employeeCount": null,
    "employeeCountYear": null,
    "endDate": null,
    "name": "SØREN VISNEK HOLDING ApS",
    "phone": "49200754",
    "postal": 3070,
    "startDate": "1999-04-26",
    "street": "Grønnegangen 6",
    "type": "Anpartsselskab",
    "typeCode": "APS",
    "website": null,
  },
  Object {
    "active": true,
    "adProtected": true,
    "branch": "Anden finansiel formidling undtagen forsikring og pensionsforsikring, i.a.n.",
    "branchCode": 649900,
    "city": "Roskilde",
    "coAddress": null,
    "cvr": 39899809,
    "email": "daniel@stv.dk",
    "employeeCount": null,
    "employeeCountYear": null,
    "endDate": null,
    "name": "Svarts Capital ApS",
    "phone": "25189528",
    "postal": 4000,
    "startDate": "2018-09-28",
    "street": "Spurvevej 1",
    "type": "Anpartsselskab",
    "typeCode": "APS",
    "website": null,
  },
  Object {
    "active": true,
    "adProtected": true,
    "branch": "Konsulentbistand vedrørende informationsteknologi",
    "branchCode": 620200,
    "city": "Roskilde",
    "coAddress": "c/o Jacob Carstensen",
    "cvr": 34946000,
    "email": "xjc@xjc.dk",
    "employeeCount": null,
    "employeeCountYear": null,
    "endDate": null,
    "name": "XJC",
    "phone": null,
    "postal": 4000,
    "startDate": "2013-04-01",
    "street": "Rørdrumvej 2",
    "type": "Enkeltmandsvirksomhed",
    "typeCode": "ENK",
    "website": null,
  },
  Object {
    "active": true,
    "adProtected": false,
    "branch": "Tømrer- og bygningssnedkervirksomhed",
    "branchCode": 433200,
    "city": "København V",
    "coAddress": null,
    "cvr": 40125019,
    "email": "tandersen90@hotmail.com",
    "employeeCount": null,
    "employeeCountYear": null,
    "endDate": null,
    "name": "Tømrermester Elmkvist IVS",
    "phone": "26288810",
    "postal": 1669,
    "startDate": "2018-12-29",
    "street": "Flensborggade 49, 5.",
    "type": "Iværksætterselskab",
    "typeCode": "IVS",
    "website": null,
  },
  Object {
    "active": true,
    "adProtected": false,
    "branch": "Ikke-finansielle holdingselskaber",
    "branchCode": 642020,
    "city": "Aarhus C",
    "coAddress": null,
    "cvr": 41620803,
    "email": null,
    "employeeCount": null,
    "employeeCountYear": null,
    "endDate": null,
    "name": "D. STRAND HOLDING ApS",
    "phone": null,
    "postal": 8000,
    "startDate": "2020-08-25",
    "street": "Frederiksgade 71, 1.",
    "type": "Anpartsselskab",
    "typeCode": "APS",
    "website": null,
  },
  Object {
    "active": true,
    "adProtected": true,
    "branch": "Andre organisationer og foreninger i.a.n.",
    "branchCode": 949900,
    "city": "Snedsted",
    "coAddress": null,
    "cvr": 40454853,
    "email": "karin.skraem@japlast.com",
    "employeeCount": null,
    "employeeCountYear": null,
    "endDate": null,
    "name": "Ølkassen JAP",
    "phone": "31106474",
    "postal": 7752,
    "startDate": "2019-04-16",
    "street": "Odinsvej 33",
    "type": "Frivillig forening",
    "typeCode": "FFO",
    "website": null,
  },
  Object {
    "active": true,
    "adProtected": false,
    "branch": "Vejgodstransport",
    "branchCode": 494100,
    "city": "Klarup",
    "coAddress": null,
    "cvr": 40815260,
    "email": null,
    "employeeCount": null,
    "employeeCountYear": null,
    "endDate": null,
    "name": "Frøstrup Transport Service ApS",
    "phone": null,
    "postal": 9270,
    "startDate": "2019-09-26",
    "street": "Kærhavebakken 19",
    "type": "Anpartsselskab",
    "typeCode": "APS",
    "website": null,
  },
  Object {
    "active": true,
    "adProtected": true,
    "branch": "Udlejning og leasing af entreprenørmateriel",
    "branchCode": 773200,
    "city": "Viby J",
    "coAddress": null,
    "cvr": 39172755,
    "email": null,
    "employeeCount": null,
    "employeeCountYear": null,
    "endDate": null,
    "name": "FLIB Materiel ApS",
    "phone": null,
    "postal": 8260,
    "startDate": "2017-12-15",
    "street": "Rudolfgårdsvej 8A",
    "type": "Anpartsselskab",
    "typeCode": "APS",
    "website": null,
  },
  Object {
    "active": true,
    "adProtected": false,
    "branch": "Ikke-finansielle holdingselskaber",
    "branchCode": 642020,
    "city": "Kolding",
    "coAddress": null,
    "cvr": 37925713,
    "email": null,
    "employeeCount": null,
    "employeeCountYear": null,
    "endDate": null,
    "name": "Knud Kronborg Holding ApS",
    "phone": null,
    "postal": 6000,
    "startDate": "2016-08-11",
    "street": "Enebærparken 136",
    "type": "Anpartsselskab",
    "typeCode": "APS",
    "website": null,
  },
  Object {
    "active": true,
    "adProtected": true,
    "branch": "Ikke-finansielle holdingselskaber",
    "branchCode": 642020,
    "city": "Holbæk",
    "coAddress": "c/o Lars Bybjerg Pedersen",
    "cvr": 39552515,
    "email": null,
    "employeeCount": null,
    "employeeCountYear": null,
    "endDate": null,
    "name": "Lars Bybjerg Holding ApS",
    "phone": null,
    "postal": 4300,
    "startDate": "2018-04-19",
    "street": "Bysøstræde 7",
    "type": "Anpartsselskab",
    "typeCode": "APS",
    "website": null,
  },
  Object {
    "active": true,
    "adProtected": true,
    "branch": "Ikke-finansielle holdingselskaber",
    "branchCode": 642020,
    "city": "København K",
    "coAddress": "c/o Copenhagen Game Productions ApS",
    "cvr": 38559265,
    "email": null,
    "employeeCount": null,
    "employeeCountYear": null,
    "endDate": null,
    "name": "Høvding-Holding ApS",
    "phone": null,
    "postal": 1301,
    "startDate": "2017-04-04",
    "street": "Landgreven 3, 4.",
    "type": "Anpartsselskab",
    "typeCode": "APS",
    "website": null,
  },
  Object {
    "active": true,
    "adProtected": true,
    "branch": "Konsulentbistand vedrørende informationsteknologi",
    "branchCode": 620200,
    "city": "Kokkedal",
    "coAddress": null,
    "cvr": 29432643,
    "email": "kim@wohlert.dk",
    "employeeCount": null,
    "employeeCountYear": null,
    "endDate": null,
    "name": "Networks By Wohlert v/Kim Wohlert",
    "phone": "26310983",
    "postal": 2980,
    "startDate": "2006-04-01",
    "street": "Drosselvænget 102",
    "type": "Enkeltmandsvirksomhed",
    "typeCode": "ENK",
    "website": null,
  },
  Object {
    "active": true,
    "adProtected": false,
    "branch": "Computerprogrammering",
    "branchCode": 620100,
    "city": "København N",
    "coAddress": null,
    "cvr": 27558704,
    "email": null,
    "employeeCount": null,
    "employeeCountYear": null,
    "endDate": null,
    "name": "Webease Design v/Patrick Jarnfelt",
    "phone": "35830018",
    "postal": 2200,
    "startDate": "2004-01-20",
    "street": "Hørsholmsgade 22H, 2. tv.",
    "type": "Enkeltmandsvirksomhed",
    "typeCode": "ENK",
    "website": null,
  },
  Object {
    "active": true,
    "adProtected": true,
    "branch": "Anden undervisning i.a.n.",
    "branchCode": 855900,
    "city": "København Ø",
    "coAddress": "c/o Michael Eltong Gade",
    "cvr": 40826378,
    "email": "michael.eltong.gade@gmail.com",
    "employeeCount": null,
    "employeeCountYear": null,
    "endDate": null,
    "name": "Parkeringsskolen K/S",
    "phone": "24884268",
    "postal": 2100,
    "startDate": "2019-10-01",
    "street": "Livjægergade 41, 5. tv.",
    "type": "Kommanditselskab",
    "typeCode": "K/S",
    "website": null,
  },
  Object {
    "active": true,
    "adProtected": true,
    "branch": "Pizzeriaer, grillbarer, isbarer mv.",
    "branchCode": 561020,
    "city": "København S",
    "coAddress": null,
    "cvr": 38559222,
    "email": null,
    "employeeCount": "10",
    "employeeCountYear": 2019,
    "endDate": null,
    "name": "Egils Deli ApS",
    "phone": null,
    "postal": 2300,
    "startDate": "2017-04-07",
    "street": "Islands Brygge 23, st. th.",
    "type": "Anpartsselskab",
    "typeCode": "APS",
    "website": null,
  },
  Object {
    "active": true,
    "adProtected": false,
    "branch": "Kiropraktorer",
    "branchCode": 869040,
    "city": "Roskilde",
    "coAddress": null,
    "cvr": 31880505,
    "email": null,
    "employeeCount": "1",
    "employeeCountYear": 2019,
    "endDate": null,
    "name": "KIROPRAKTISK KLINIK PALL HARALDSSON D.C. ApS",
    "phone": null,
    "postal": 4000,
    "startDate": "2008-10-26",
    "street": "Algade 10",
    "type": "Anpartsselskab",
    "typeCode": "APS",
    "website": null,
  },
  Object {
    "active": true,
    "adProtected": true,
    "branch": "Murere",
    "branchCode": 439910,
    "city": "Havdrup",
    "coAddress": null,
    "cvr": 37799777,
    "email": "murerfirmaet@balthervin.dk",
    "employeeCount": "10",
    "employeeCountYear": 2019,
    "endDate": null,
    "name": "Murerfirmaet Balthervin ApS",
    "phone": null,
    "postal": 4622,
    "startDate": "2016-06-10",
    "street": "Kildebrogårdsvej 11B, 1. th.",
    "type": "Anpartsselskab",
    "typeCode": "APS",
    "website": null,
  },
  Object {
    "active": true,
    "adProtected": false,
    "branch": "Virksomhedsrådgivning og anden rådgivning om driftsledelse",
    "branchCode": 702200,
    "city": "Roskilde",
    "coAddress": null,
    "cvr": 32154905,
    "email": null,
    "employeeCount": "1",
    "employeeCountYear": 2016,
    "endDate": null,
    "name": "HERA FAMILY OFFICE ApS",
    "phone": null,
    "postal": 4000,
    "startDate": "2009-05-25",
    "street": "Krogsbøllevej 2",
    "type": "Anpartsselskab",
    "typeCode": "APS",
    "website": null,
  },
  Object {
    "active": true,
    "adProtected": false,
    "branch": "Uoplyst",
    "branchCode": 999999,
    "city": "Roskilde",
    "coAddress": "c/o BDO, Statsautoriseret revisionsaktiesels",
    "cvr": 30235118,
    "email": "mihe@danskrevision.dk",
    "employeeCount": null,
    "employeeCountYear": null,
    "endDate": null,
    "name": "CLAUS TERP HOLDING ApS",
    "phone": null,
    "postal": 4000,
    "startDate": "2007-01-26",
    "street": "Ringstedvej 18",
    "type": "Anpartsselskab",
    "typeCode": "APS",
    "website": null,
  },
  Object {
    "active": true,
    "adProtected": false,
    "branch": "Distribution af film, video- og tv-programmer",
    "branchCode": 591300,
    "city": "Roskilde",
    "coAddress": null,
    "cvr": 29786755,
    "email": null,
    "employeeCount": null,
    "employeeCountYear": null,
    "endDate": null,
    "name": "JOI HOLDING ApS",
    "phone": null,
    "postal": 4000,
    "startDate": "2006-11-01",
    "street": "Ejlesøvej 9",
    "type": "Anpartsselskab",
    "typeCode": "APS",
    "website": null,
  },
  Object {
    "active": true,
    "adProtected": false,
    "branch": "Uoplyst",
    "branchCode": 999999,
    "city": "Hårlev",
    "coAddress": null,
    "cvr": 34071896,
    "email": null,
    "employeeCount": null,
    "employeeCountYear": null,
    "endDate": null,
    "name": "DENNIS BIRKELUND HOLDING ApS",
    "phone": null,
    "postal": 4652,
    "startDate": "2011-11-29",
    "street": "Venøvej 7",
    "type": "Anpartsselskab",
    "typeCode": "APS",
    "website": null,
  },
  Object {
    "active": true,
    "adProtected": false,
    "branch": "Finansielle holdingselskaber",
    "branchCode": 642010,
    "city": "Søborg",
    "coAddress": "c/o Peter Jelsted",
    "cvr": 38670034,
    "email": "peter@musiconmikrobryggeri.dk",
    "employeeCount": null,
    "employeeCountYear": null,
    "endDate": null,
    "name": "Jelbob Holding ApS",
    "phone": "31429636",
    "postal": 2860,
    "startDate": "2017-05-23",
    "street": "Søborg Hovedgade 145, 4. th.",
    "type": "Anpartsselskab",
    "typeCode": "APS",
    "website": null,
  },
  Object {
    "active": true,
    "adProtected": true,
    "branch": "Ikke-finansielle holdingselskaber",
    "branchCode": 642020,
    "city": "Tune",
    "coAddress": "c/o Mads Henningsen",
    "cvr": 39000873,
    "email": null,
    "employeeCount": null,
    "employeeCountYear": null,
    "endDate": null,
    "name": "Kamodin Holding ApS",
    "phone": null,
    "postal": 4030,
    "startDate": "2017-08-02",
    "street": "Agerstien 11",
    "type": "Anpartsselskab",
    "typeCode": "APS",
    "website": null,
  },
  Object {
    "active": true,
    "adProtected": true,
    "branch": "Engroshandel med cykler, sportsartikler og lystbåde",
    "branchCode": 464910,
    "city": "Vallensbæk",
    "coAddress": "c/o Torben Skov Andersen",
    "cvr": 38252135,
    "email": "tsa@scandinaviansidebike.com",
    "employeeCount": null,
    "employeeCountYear": null,
    "endDate": null,
    "name": "SSB-bikes ApS",
    "phone": null,
    "postal": 2625,
    "startDate": "2016-12-13",
    "street": "Møllestensvej 13",
    "type": "Anpartsselskab",
    "typeCode": "APS",
    "website": null,
  },
  Object {
    "active": true,
    "adProtected": true,
    "branch": "Ikke-finansielle holdingselskaber",
    "branchCode": 642020,
    "city": "Hornbæk",
    "coAddress": "c/o Peter Marker Frederiksen",
    "cvr": 37248584,
    "email": null,
    "employeeCount": null,
    "employeeCountYear": null,
    "endDate": null,
    "name": "MARKER'S HOLDING ApS",
    "phone": null,
    "postal": 3100,
    "startDate": "2015-11-19",
    "street": "Plantagevej 25",
    "type": "Anpartsselskab",
    "typeCode": "APS",
    "website": null,
  },
  Object {
    "active": true,
    "adProtected": false,
    "branch": "Detailhandel med andre varer i.a.n. via internet",
    "branchCode": 479119,
    "city": "Aalborg SØ",
    "coAddress": null,
    "cvr": 28243561,
    "email": "thomas@sportsoutlet.dk",
    "employeeCount": null,
    "employeeCountYear": null,
    "endDate": null,
    "name": "CasinoChips.dk V/Thomas Krogh og Kasper Krogh",
    "phone": null,
    "postal": 9210,
    "startDate": "2005-01-17",
    "street": "Lykkegårdsvej 2",
    "type": "Interessentskab",
    "typeCode": "I/S",
    "website": null,
  },
  Object {
    "active": true,
    "adProtected": false,
    "branch": "Produktion af film og videofilm",
    "branchCode": 591110,
    "city": "København V",
    "coAddress": null,
    "cvr": 30752252,
    "email": "afalden@mac.com",
    "employeeCount": null,
    "employeeCountYear": null,
    "endDate": null,
    "name": "Falden musikproduktion v/Ann Falden",
    "phone": "26368414",
    "postal": 1709,
    "startDate": "2007-09-01",
    "street": "Skydebanegade 44, 4. tv.",
    "type": "Enkeltmandsvirksomhed",
    "typeCode": "ENK",
    "website": null,
  },
  Object {
    "active": true,
    "adProtected": true,
    "branch": "Dyrkning af træer og andre skovbrugsaktiviteter",
    "branchCode": 21000,
    "city": "Kolind",
    "coAddress": null,
    "cvr": 39266008,
    "email": null,
    "employeeCount": null,
    "employeeCountYear": null,
    "endDate": null,
    "name": "Hvalskovgaard I/S",
    "phone": null,
    "postal": 8560,
    "startDate": "2018-01-08",
    "street": "Ydesmindevej 6",
    "type": "Interessentskab",
    "typeCode": "I/S",
    "website": null,
  },
  Object {
    "active": true,
    "adProtected": false,
    "branch": "Skibsmæglere",
    "branchCode": 522910,
    "city": "Hanstholm",
    "coAddress": null,
    "cvr": 30845765,
    "email": null,
    "employeeCount": null,
    "employeeCountYear": null,
    "endDate": null,
    "name": "West Ship I/S",
    "phone": "97961988",
    "postal": 7730,
    "startDate": "2008-01-01",
    "street": "Auktionsgade 23",
    "type": "Interessentskab",
    "typeCode": "I/S",
    "website": null,
  },
  Object {
    "active": true,
    "adProtected": false,
    "branch": "Ikke-finansielle holdingselskaber",
    "branchCode": 642020,
    "city": "Løgumkloster",
    "coAddress": null,
    "cvr": 41246286,
    "email": null,
    "employeeCount": null,
    "employeeCountYear": null,
    "endDate": null,
    "name": "BE-LØ Holding 4 ApS",
    "phone": null,
    "postal": 6240,
    "startDate": "2020-01-30",
    "street": "Lundbyesvej 38",
    "type": "Anpartsselskab",
    "typeCode": "APS",
    "website": null,
  },
  Object {
    "active": true,
    "adProtected": true,
    "branch": "Anden udlejning af boliger",
    "branchCode": 682030,
    "city": "Hals",
    "coAddress": null,
    "cvr": 41260246,
    "email": "jjejendomsservice@hotmail.com",
    "employeeCount": null,
    "employeeCountYear": null,
    "endDate": null,
    "name": "JJ Boliginvest ApS",
    "phone": null,
    "postal": 9370,
    "startDate": "2020-03-17",
    "street": "Blåmejsevej 3",
    "type": "Anpartsselskab",
    "typeCode": "APS",
    "website": null,
  },
  Object {
    "active": true,
    "adProtected": false,
    "branch": "VVS- og blikkenslagerforretninger",
    "branchCode": 432200,
    "city": "Rødovre",
    "coAddress": "c/o Frank Barret",
    "cvr": 25238974,
    "email": "tommy@barret.dk",
    "employeeCount": null,
    "employeeCountYear": null,
    "endDate": null,
    "name": "Brdr Barret",
    "phone": "44921832",
    "postal": 2610,
    "startDate": "2000-03-01",
    "street": "Islevbrovej 12B",
    "type": "Interessentskab",
    "typeCode": "I/S",
    "website": null,
  },
  Object {
    "active": true,
    "adProtected": false,
    "branch": "Uoplyst",
    "branchCode": 999999,
    "city": "København V",
    "coAddress": null,
    "cvr": 36436158,
    "email": null,
    "employeeCount": null,
    "employeeCountYear": null,
    "endDate": null,
    "name": "HCC ApS",
    "phone": null,
    "postal": 1665,
    "startDate": "2014-11-12",
    "street": "Valdemarsgade 24, 1. tv.",
    "type": "Anpartsselskab",
    "typeCode": "APS",
    "website": null,
  },
  Object {
    "active": true,
    "adProtected": true,
    "branch": "Rådgivende ingeniørvirksomhed inden for byggeri og anlægsarbejder",
    "branchCode": 711210,
    "city": "København S",
    "coAddress": null,
    "cvr": 30876385,
    "email": "ber@idtce.com",
    "employeeCount": null,
    "employeeCountYear": null,
    "endDate": null,
    "name": "IDT Consultants Europe",
    "phone": "32575025",
    "postal": 2300,
    "startDate": "2007-10-30",
    "street": "Amsterdamvej 25",
    "type": "Enkeltmandsvirksomhed",
    "typeCode": "ENK",
    "website": null,
  },
  Object {
    "active": true,
    "adProtected": false,
    "branch": "Ikke-finansielle holdingselskaber",
    "branchCode": 642020,
    "city": "Holbæk",
    "coAddress": null,
    "cvr": 31420601,
    "email": null,
    "employeeCount": null,
    "employeeCountYear": null,
    "endDate": null,
    "name": "ELP INVEST ApS",
    "phone": null,
    "postal": 4300,
    "startDate": "2008-04-29",
    "street": "Rebslagervej 10",
    "type": "Anpartsselskab",
    "typeCode": "APS",
    "website": null,
  },
  Object {
    "active": true,
    "adProtected": true,
    "branch": "Anden undervisning i.a.n.",
    "branchCode": 855900,
    "city": "Hobro",
    "coAddress": null,
    "cvr": 40808884,
    "email": "info@jobsparring.dk",
    "employeeCount": null,
    "employeeCountYear": null,
    "endDate": null,
    "name": "JS",
    "phone": null,
    "postal": 9500,
    "startDate": "2019-09-21",
    "street": "Tyttebærvej 14",
    "type": "Personligt ejet Mindre Virksomhed",
    "typeCode": "PMV",
    "website": undefined,
  },
  Object {
    "active": true,
    "adProtected": true,
    "branch": "Computerprogrammering",
    "branchCode": 620100,
    "city": "Ryomgård",
    "coAddress": "c/o Jeppe Fastrup",
    "cvr": 38176544,
    "email": "jeppefastrup@gmail.com",
    "employeeCount": "1",
    "employeeCountYear": 2019,
    "endDate": null,
    "name": "Jeppe Fastrup IVS",
    "phone": "41406360",
    "postal": 8550,
    "startDate": "2016-11-12",
    "street": "Vestergade 1A",
    "type": "Iværksætterselskab",
    "typeCode": "IVS",
    "website": undefined,
  },
  Object {
    "active": true,
    "adProtected": false,
    "branch": "Uoplyst",
    "branchCode": 999999,
    "city": "Hadsten",
    "coAddress": null,
    "cvr": 10161150,
    "email": null,
    "employeeCount": null,
    "employeeCountYear": null,
    "endDate": null,
    "name": "MRM HOLDING AF 2003 ApS",
    "phone": null,
    "postal": 8370,
    "startDate": "2003-12-10",
    "street": "Nørregårdsvej 9",
    "type": "Anpartsselskab",
    "typeCode": "APS",
    "website": null,
  },
  Object {
    "active": true,
    "adProtected": false,
    "branch": "Uoplyst",
    "branchCode": 999999,
    "city": "Ry",
    "coAddress": null,
    "cvr": 10161223,
    "email": null,
    "employeeCount": null,
    "employeeCountYear": null,
    "endDate": null,
    "name": "BENT INVEST ApS",
    "phone": null,
    "postal": 8680,
    "startDate": "2003-12-10",
    "street": "Horsensvej 40",
    "type": "Anpartsselskab",
    "typeCode": "APS",
    "website": null,
  },
  Object {
    "active": true,
    "adProtected": false,
    "branch": "Udlejning af erhvervsejendomme",
    "branchCode": 682040,
    "city": "Støvring",
    "coAddress": null,
    "cvr": 28490038,
    "email": null,
    "employeeCount": null,
    "employeeCountYear": null,
    "endDate": null,
    "name": "EJENDOMSSELSKABET FABRIKSVEJ 4, STØVRING ApS",
    "phone": null,
    "postal": 9530,
    "startDate": "2005-02-16",
    "street": "Fabriksvej 4",
    "type": "Anpartsselskab",
    "typeCode": "APS",
    "website": null,
  },
  Object {
    "active": true,
    "adProtected": false,
    "branch": "Dyrkning af andre etårige afgrøder",
    "branchCode": 11900,
    "city": "Ejstrupholm",
    "coAddress": null,
    "cvr": 38048902,
    "email": "kejlstrupgaard@gmail.com",
    "employeeCount": null,
    "employeeCountYear": null,
    "endDate": null,
    "name": "Kejlstrupgaard I/S",
    "phone": null,
    "postal": 7361,
    "startDate": "2016-10-01",
    "street": "Kejlstrupvej 16",
    "type": "Interessentskab",
    "typeCode": "I/S",
    "website": null,
  },
  Object {
    "active": true,
    "adProtected": false,
    "branch": "Ikke-finansielle holdingselskaber",
    "branchCode": 642020,
    "city": "Tistrup",
    "coAddress": null,
    "cvr": 39718804,
    "email": null,
    "employeeCount": null,
    "employeeCountYear": null,
    "endDate": null,
    "name": "Fi-Duus Holding ApS",
    "phone": null,
    "postal": 6862,
    "startDate": "2018-07-10",
    "street": "Højlundevej 3",
    "type": "Anpartsselskab",
    "typeCode": "APS",
    "website": null,
  },
  Object {
    "active": true,
    "adProtected": false,
    "branch": "Ikke-finansielle holdingselskaber",
    "branchCode": 642020,
    "city": "København K",
    "coAddress": null,
    "cvr": 39310716,
    "email": null,
    "employeeCount": null,
    "employeeCountYear": null,
    "endDate": null,
    "name": "JN Larsen holding ApS",
    "phone": null,
    "postal": 1311,
    "startDate": "2018-02-05",
    "street": "Olfert Fischers Gade 44, st. 14.",
    "type": "Anpartsselskab",
    "typeCode": "APS",
    "website": null,
  },
  Object {
    "active": true,
    "adProtected": false,
    "branch": "Anden undervisning i.a.n.",
    "branchCode": 855900,
    "city": "Slagelse",
    "coAddress": null,
    "cvr": 31977096,
    "email": "co-lumbus@stofanet.dk",
    "employeeCount": null,
    "employeeCountYear": null,
    "endDate": null,
    "name": "Co-lumbus v/Paul Henrik Larsen",
    "phone": "23861218",
    "postal": 4200,
    "startDate": "2009-03-01",
    "street": "Møllebakken 39",
    "type": "Enkeltmandsvirksomhed",
    "typeCode": "ENK",
    "website": null,
  },
  Object {
    "active": true,
    "adProtected": true,
    "branch": "Computerprogrammering",
    "branchCode": 620100,
    "city": "København S",
    "coAddress": null,
    "cvr": 39900750,
    "email": "7777kara@gmail.com",
    "employeeCount": null,
    "employeeCountYear": null,
    "endDate": null,
    "name": "Gopolar",
    "phone": null,
    "postal": 2300,
    "startDate": "2018-11-01",
    "street": "Femkløvervej 4, 2. tv.",
    "type": "Enkeltmandsvirksomhed",
    "typeCode": "ENK",
    "website": null,
  },
  Object {
    "active": true,
    "adProtected": false,
    "branch": "Anden finansiel formidling undtagen forsikring og pensionsforsikring, i.a.n.",
    "branchCode": 649900,
    "city": "Vanløse",
    "coAddress": "c/o Birger Outzen Jeppesen",
    "cvr": 66001113,
    "email": "birger.jeppesen@fastvnet.dk",
    "employeeCount": null,
    "employeeCountYear": null,
    "endDate": null,
    "name": "BIRGER OUTZEN JEPPESEN INVEST ApS",
    "phone": "30948239",
    "postal": 2720,
    "startDate": "1980-06-11",
    "street": "Jernbane Allé 17, 2. th.",
    "type": "Anpartsselskab",
    "typeCode": "APS",
    "website": null,
  },
  Object {
    "active": true,
    "adProtected": false,
    "branch": "Ikke-finansielle holdingselskaber",
    "branchCode": 642020,
    "city": "København V",
    "coAddress": null,
    "cvr": 28126468,
    "email": null,
    "employeeCount": null,
    "employeeCountYear": null,
    "endDate": null,
    "name": "BRANDSKILDE 69 HOLDING ApS",
    "phone": "20825362",
    "postal": 1665,
    "startDate": "2004-09-01",
    "street": "Valdemarsgade 24, 1. tv.",
    "type": "Anpartsselskab",
    "typeCode": "APS",
    "website": null,
  },
  Object {
    "active": true,
    "adProtected": true,
    "branch": "Køb og salg af egen fast ejendom",
    "branchCode": 681000,
    "city": "Helsingør",
    "coAddress": null,
    "cvr": 30445015,
    "email": "henrik@sylvestvvs.dk",
    "employeeCount": null,
    "employeeCountYear": null,
    "endDate": null,
    "name": "S-BO BYG I/S v/Henrik Bender, Jørgen Olsen mfl",
    "phone": "49215997",
    "postal": 3000,
    "startDate": "2007-05-01",
    "street": "Fenrisvej 13C",
    "type": "Interessentskab",
    "typeCode": "I/S",
    "website": null,
  },
  Object {
    "active": true,
    "adProtected": false,
    "branch": "Udlejning og leasing af lastbiler",
    "branchCode": 771200,
    "city": "Aalestrup",
    "coAddress": null,
    "cvr": 36050047,
    "email": null,
    "employeeCount": "1",
    "employeeCountYear": 2016,
    "endDate": null,
    "name": "JFP, VIBORG ApS",
    "phone": null,
    "postal": 9620,
    "startDate": "2014-07-07",
    "street": "Fjelsøvej 174",
    "type": "Anpartsselskab",
    "typeCode": "APS",
    "website": null,
  },
  Object {
    "active": true,
    "adProtected": false,
    "branch": "Geologiske undersøgelser og prospektering, landinspektører mv.",
    "branchCode": 711240,
    "city": "Ringsted",
    "coAddress": null,
    "cvr": 58997218,
    "email": "pej@lpej.dk",
    "employeeCount": null,
    "employeeCountYear": null,
    "endDate": null,
    "name": "LANDINSPEKTØR POUL ERIK JENSEN",
    "phone": "57527033",
    "postal": 4100,
    "startDate": "1973-10-01",
    "street": "Gammel Slimmingevej 8B",
    "type": "Enkeltmandsvirksomhed",
    "typeCode": "ENK",
    "website": undefined,
  },
  Object {
    "active": true,
    "adProtected": true,
    "branch": "Virksomhedsrådgivning og anden rådgivning om driftsledelse",
    "branchCode": 702200,
    "city": "Nørresundby",
    "coAddress": null,
    "cvr": 37257540,
    "email": "Milo@arbejdspsykolog.dk",
    "employeeCount": null,
    "employeeCountYear": null,
    "endDate": null,
    "name": "Nordjysk Center for Supervision I/S",
    "phone": "50540434",
    "postal": 9400,
    "startDate": "2015-12-01",
    "street": "Østerbrogade 52B",
    "type": "Interessentskab",
    "typeCode": "I/S",
    "website": undefined,
  },
  Object {
    "active": true,
    "adProtected": false,
    "branch": "Engroshandel med frugt og grøntsager",
    "branchCode": 463100,
    "city": "København SV",
    "coAddress": null,
    "cvr": 41419253,
    "email": null,
    "employeeCount": null,
    "employeeCountYear": null,
    "endDate": null,
    "name": "Nordgron ApS",
    "phone": null,
    "postal": 2450,
    "startDate": "2020-06-09",
    "street": "Rossinisvej 2, 1. tv.",
    "type": "Anpartsselskab",
    "typeCode": "APS",
    "website": null,
  },
  Object {
    "active": true,
    "adProtected": false,
    "branch": "Andre post- og kurertjenester",
    "branchCode": 532000,
    "city": "Horsens",
    "coAddress": null,
    "cvr": 41219831,
    "email": null,
    "employeeCount": null,
    "employeeCountYear": null,
    "endDate": null,
    "name": "KSK Delivery",
    "phone": null,
    "postal": 8700,
    "startDate": "2020-01-01",
    "street": "Houmannsgade 1A, 2.",
    "type": "Enkeltmandsvirksomhed",
    "typeCode": "ENK",
    "website": null,
  },
  Object {
    "active": true,
    "adProtected": true,
    "branch": "Kunstnerisk skaben",
    "branchCode": 900300,
    "city": "København Ø",
    "coAddress": "c/o Anna Buhl Christensen",
    "cvr": 39943476,
    "email": "annabuhlchristensen@hotmail.com",
    "employeeCount": null,
    "employeeCountYear": null,
    "endDate": null,
    "name": "Art by ABC",
    "phone": "61770720",
    "postal": 2100,
    "startDate": "2018-10-15",
    "street": "Helsingborggade 25, 2. th.",
    "type": "Enkeltmandsvirksomhed",
    "typeCode": "ENK",
    "website": null,
  },
  Object {
    "active": true,
    "adProtected": false,
    "branch": "Finansielle holdingselskaber",
    "branchCode": 642010,
    "city": "Gram",
    "coAddress": null,
    "cvr": 28866003,
    "email": null,
    "employeeCount": null,
    "employeeCountYear": null,
    "endDate": null,
    "name": "GRAM MOTION- OG SQUASHCENTER ApS",
    "phone": "74823306",
    "postal": 6510,
    "startDate": "2005-06-29",
    "street": "Kongevej 35",
    "type": "Anpartsselskab",
    "typeCode": "APS",
    "website": null,
  },
  Object {
    "active": true,
    "adProtected": false,
    "branch": "Udlejning af erhvervsejendomme",
    "branchCode": 682040,
    "city": "Ribe",
    "coAddress": null,
    "cvr": 29614830,
    "email": null,
    "employeeCount": null,
    "employeeCountYear": null,
    "endDate": null,
    "name": "HENSEN EJENDOMME ApS",
    "phone": null,
    "postal": 6760,
    "startDate": "2006-06-12",
    "street": "Nederdammen 36",
    "type": "Anpartsselskab",
    "typeCode": "APS",
    "website": null,
  },
  Object {
    "active": true,
    "adProtected": true,
    "branch": "Udlejning af erhvervsejendomme",
    "branchCode": 682040,
    "city": "Kolding",
    "coAddress": null,
    "cvr": 37262307,
    "email": null,
    "employeeCount": null,
    "employeeCountYear": null,
    "endDate": null,
    "name": "Vogensen Ejendomsinvest ApS",
    "phone": null,
    "postal": 6000,
    "startDate": "2015-11-30",
    "street": "Bakketoppen 9",
    "type": "Anpartsselskab",
    "typeCode": "APS",
    "website": null,
  },
  Object {
    "active": true,
    "adProtected": false,
    "branch": "Juridisk bistand",
    "branchCode": 691000,
    "city": "Frederikssund",
    "coAddress": null,
    "cvr": 13407746,
    "email": null,
    "employeeCount": null,
    "employeeCountYear": null,
    "endDate": null,
    "name": "ADVOKAT KELD RASMUSSEN",
    "phone": "47314333",
    "postal": 3600,
    "startDate": "1989-10-02",
    "street": "Bruhnsvej 7, 1.",
    "type": "Enkeltmandsvirksomhed",
    "typeCode": "ENK",
    "website": null,
  },
  Object {
    "active": true,
    "adProtected": true,
    "branch": "Andre liberale, videnskabelige og tekniske tjenesteydelser i.a.n.",
    "branchCode": 749090,
    "city": "Gørløse",
    "coAddress": null,
    "cvr": 39487845,
    "email": null,
    "employeeCount": null,
    "employeeCountYear": null,
    "endDate": null,
    "name": "Topsport Agency IVS",
    "phone": null,
    "postal": 3330,
    "startDate": "2018-04-16",
    "street": "Engvej 34",
    "type": "Iværksætterselskab",
    "typeCode": "IVS",
    "website": undefined,
  },
  Object {
    "active": true,
    "adProtected": false,
    "branch": "Vejgodstransport",
    "branchCode": 494100,
    "city": "Børkop",
    "coAddress": null,
    "cvr": 41419199,
    "email": null,
    "employeeCount": null,
    "employeeCountYear": null,
    "endDate": null,
    "name": "HP INVESTMENT ApS",
    "phone": null,
    "postal": 7080,
    "startDate": "2020-06-10",
    "street": "Hasselhaven 23",
    "type": "Anpartsselskab",
    "typeCode": "APS",
    "website": null,
  },
  Object {
    "active": true,
    "adProtected": false,
    "branch": "Opførelse af bygninger",
    "branchCode": 412000,
    "city": "Sakskøbing",
    "coAddress": null,
    "cvr": 26701341,
    "email": null,
    "employeeCount": null,
    "employeeCountYear": null,
    "endDate": null,
    "name": "NESLO - BYG v/Helge Olsen",
    "phone": "59594546",
    "postal": 4990,
    "startDate": "2002-08-01",
    "street": "Kalkbrænderivej 14A",
    "type": "Enkeltmandsvirksomhed",
    "typeCode": "ENK",
    "website": null,
  },
  Object {
    "active": true,
    "adProtected": true,
    "branch": "Detailhandel med tøj, sko, lædervarer, ure eller babyudstyr  via internet",
    "branchCode": 479116,
    "city": "København S",
    "coAddress": null,
    "cvr": 40763597,
    "email": "copenhagencharms@gmail.com",
    "employeeCount": null,
    "employeeCountYear": null,
    "endDate": null,
    "name": "CopenhagenCharms",
    "phone": "91490415",
    "postal": 2300,
    "startDate": "2019-09-01",
    "street": "Hannemanns Allé 6E",
    "type": "Enkeltmandsvirksomhed",
    "typeCode": "ENK",
    "website": undefined,
  },
  Object {
    "active": true,
    "adProtected": false,
    "branch": "Virksomhedsrådgivning og anden rådgivning om driftsledelse",
    "branchCode": 702200,
    "city": "Valby",
    "coAddress": null,
    "cvr": 10833582,
    "email": "benedikte@askskotte.dk",
    "employeeCount": null,
    "employeeCountYear": null,
    "endDate": null,
    "name": "BENEDIKTE ASK SKOTTE",
    "phone": "58250342",
    "postal": 2500,
    "startDate": "1986-07-01",
    "street": "Hestehaven 5, st. tv.",
    "type": "Personligt ejet Mindre Virksomhed",
    "typeCode": "PMV",
    "website": null,
  },
  Object {
    "active": true,
    "adProtected": false,
    "branch": "Udlejning og leasing af andet materiel, udstyr og andre materielle aktiver i.a.n.",
    "branchCode": 773900,
    "city": "Bjæverskov",
    "coAddress": null,
    "cvr": 39825007,
    "email": null,
    "employeeCount": null,
    "employeeCountYear": null,
    "endDate": null,
    "name": "Alkap Holding ApS",
    "phone": null,
    "postal": 4632,
    "startDate": "2018-08-20",
    "street": "Gartnervej 2",
    "type": "Anpartsselskab",
    "typeCode": "APS",
    "website": null,
  },
  Object {
    "active": true,
    "adProtected": true,
    "branch": "Frugt- og grøntforretninger",
    "branchCode": 472100,
    "city": "Nyborg",
    "coAddress": "c/o Simon Jørgensen",
    "cvr": 38237888,
    "email": "sj@rosilde-hoejgaard.dk",
    "employeeCount": null,
    "employeeCountYear": null,
    "endDate": null,
    "name": "Gårdbutikken Rosilde Højgård",
    "phone": null,
    "postal": 5800,
    "startDate": "2016-12-08",
    "street": "Gl. Vindingevej 21",
    "type": "Personligt ejet Mindre Virksomhed",
    "typeCode": "PMV",
    "website": null,
  },
  Object {
    "active": true,
    "adProtected": false,
    "branch": "Juridisk bistand",
    "branchCode": 691000,
    "city": "Kastrup",
    "coAddress": "c/o Magnus Aaskilde-schneider",
    "cvr": 41632275,
    "email": "magnusschneider3@gmail.com",
    "employeeCount": null,
    "employeeCountYear": null,
    "endDate": null,
    "name": "Aerotyne International",
    "phone": "27548185",
    "postal": 2770,
    "startDate": "2020-08-31",
    "street": "Amager Landevej 98C, 2. tv.",
    "type": "Personligt ejet Mindre Virksomhed",
    "typeCode": "PMV",
    "website": null,
  },
  Object {
    "active": true,
    "adProtected": false,
    "branch": "Ikke-specialiseret engroshandel",
    "branchCode": 469000,
    "city": "Assens",
    "coAddress": null,
    "cvr": 21874655,
    "email": null,
    "employeeCount": null,
    "employeeCountYear": null,
    "endDate": null,
    "name": "CHRISTIAN JENSEN",
    "phone": "64711115",
    "postal": 5610,
    "startDate": "1976-02-03",
    "street": "Fuglebakken 43",
    "type": "Enkeltmandsvirksomhed",
    "typeCode": "ENK",
    "website": null,
  },
  Object {
    "active": true,
    "adProtected": false,
    "branch": "Andre organisationer og foreninger i.a.n.",
    "branchCode": 949900,
    "city": "Vejle",
    "coAddress": "c/o Birgit Hansen",
    "cvr": 30026160,
    "email": "birgit@oedsted.dk",
    "employeeCount": null,
    "employeeCountYear": null,
    "endDate": null,
    "name": "Humørdanserne Vejle",
    "phone": "75864021",
    "postal": 7100,
    "startDate": "2006-12-05",
    "street": "Kirkestien 34",
    "type": "Frivillig forening",
    "typeCode": "FFO",
    "website": undefined,
  },
  Object {
    "active": true,
    "adProtected": true,
    "branch": "Andre organisationer og foreninger i.a.n.",
    "branchCode": 949900,
    "city": "Valby",
    "coAddress": "c/o Gøthe Carlsson",
    "cvr": 33313381,
    "email": "hajan@city.dk",
    "employeeCount": null,
    "employeeCountYear": null,
    "endDate": null,
    "name": "E/F Bjørnsonsvej 79 ejd. nr. 53407",
    "phone": "36465895",
    "postal": 2500,
    "startDate": "2011-01-11",
    "street": "Bjørnsonsvej 79, st. th.",
    "type": "Frivillig forening",
    "typeCode": "FFO",
    "website": null,
  },
  Object {
    "active": true,
    "adProtected": true,
    "branch": "Andre organisationer og foreninger i.a.n.",
    "branchCode": 949900,
    "city": "Greve",
    "coAddress": "c/o Gert Mikkelsen",
    "cvr": 41650303,
    "email": "gertmikkelsen46@gmail.com",
    "employeeCount": null,
    "employeeCountYear": null,
    "endDate": null,
    "name": "G/F Lillevangen",
    "phone": null,
    "postal": 2670,
    "startDate": "2020-09-06",
    "street": "Lillevangsparken 9",
    "type": "Frivillig forening",
    "typeCode": "FFO",
    "website": null,
  },
  Object {
    "active": true,
    "adProtected": true,
    "branch": "Detailhandel med personbiler, varebiler og minibusser",
    "branchCode": 451120,
    "city": "Brørup",
    "coAddress": "c/o Lindknud",
    "cvr": 40943080,
    "email": "Vetal.gorb02031994@gmail.com",
    "employeeCount": null,
    "employeeCountYear": null,
    "endDate": null,
    "name": "AutoComfy",
    "phone": "50180182",
    "postal": 6650,
    "startDate": "2019-11-19",
    "street": "Læborgvej 49",
    "type": "Enkeltmandsvirksomhed",
    "typeCode": "ENK",
    "website": null,
  },
  Object {
    "active": true,
    "adProtected": false,
    "branch": "Vinduespolering",
    "branchCode": 812210,
    "city": "Nykøbing F",
    "coAddress": null,
    "cvr": 36109637,
    "email": "tl@fieldandforest.dk",
    "employeeCount": null,
    "employeeCountYear": null,
    "endDate": null,
    "name": "Din Glade Vinduespudser",
    "phone": "40559201",
    "postal": 4800,
    "startDate": "2014-10-06",
    "street": "Kalvevænget 22",
    "type": "Enkeltmandsvirksomhed",
    "typeCode": "ENK",
    "website": null,
  },
  Object {
    "active": true,
    "adProtected": true,
    "branch": "Bugserings-, bjærgnings- og redningsvæsen mv.",
    "branchCode": 522220,
    "city": "København K",
    "coAddress": "c/o DEInternational Denmark ApS",
    "cvr": 40697411,
    "email": "vb@handelskammer.dk",
    "employeeCount": null,
    "employeeCountYear": null,
    "endDate": null,
    "name": "Baltic Taucherei- Und Bergungsbetrieb Rostock GmbH",
    "phone": null,
    "postal": 1050,
    "startDate": "2019-05-23",
    "street": "Kongens Nytorv 26",
    "type": "Anden udenlandsk virksomhed",
    "typeCode": "UDL",
    "website": null,
  },
  Object {
    "active": true,
    "adProtected": true,
    "branch": "Detailhandel med andre varer i.a.n.",
    "branchCode": 477890,
    "city": "København K",
    "coAddress": "c/o DEinternational Denmark ApS",
    "cvr": 35440305,
    "email": "vb@handelskammer.dk",
    "employeeCount": null,
    "employeeCountYear": null,
    "endDate": null,
    "name": "Ursula Böhner",
    "phone": "32830067",
    "postal": 1050,
    "startDate": "2015-12-01",
    "street": "Kongens Nytorv 26, 3.",
    "type": "Anden udenlandsk virksomhed",
    "typeCode": "UDL",
    "website": null,
  },
]
`;
